// Jest Snapshot v1, https://goo.gl/fbAQLP

exports[`should handle startAddExpense 1`] = `
<div>
  <h3>
    Add Expense
  </h3>
  <ExpenseForm
    onSubmit={[Function]}
  />
</div>
`;

exports[`should render CreatePage 1`] = `
<div>
  <h3>
    Add Expense
  </h3>
  <ExpenseForm
    onSubmit={[Function]}
  />
</div>
`;
